24 Sep 06:16:29 INFO   [geoserver.filters] - 172.30.0.1 "GET /geoserver/web/wicket/bookmarkable/org.geoserver.web.data.resource.ResourceConfigurationPage?name=v_taxref_search&wsName=dev_sinp" "Mozilla/5.0 (X11; Linux x86_64; rv:156.0) Gecko/20100101 Firefox/156.0" "http://localhost:8080/geoserver/web/wicket/bookmarkable/org.geoserver.web.data.layer.LayerPage?107" "" 
24 Sep 06:16:29 DEBUG  [geotools.jdbc] - CREATE CONNECTION
24 Sep 06:16:29 DEBUG  [geotools.jdbc] - CLOSE CONNECTION
24 Sep 06:16:29 DEBUG  [geotools.jdbc] - CREATE CONNECTION
24 Sep 06:16:29 DEBUG  [geotools.jdbc] - CLOSE CONNECTION
24 Sep 06:16:29 DEBUG  [geotools.jdbc] - CREATE CONNECTION
24 Sep 06:16:29 DEBUG  [geotools.jdbc] - CLOSE CONNECTION
24 Sep 06:16:29 DEBUG  [geotools.jdbc] - CREATE CONNECTION
24 Sep 06:16:29 DEBUG  [geotools.jdbc] - CLOSE CONNECTION
24 Sep 06:16:29 DEBUG  [geotools.jdbc] - CREATE CONNECTION
24 Sep 06:16:29 DEBUG  [geotools.jdbc] - CLOSE CONNECTION
24 Sep 06:16:29 DEBUG  [geotools.jdbc] - CREATE CONNECTION
24 Sep 06:16:29 DEBUG  [geotools.jdbc] - CLOSE CONNECTION
24 Sep 06:16:29 INFO   [geoserver.filters] - 172.30.0.1 "GET /geoserver/web/wicket/bookmarkable/org.geoserver.web.data.resource.ResourceConfigurationPage?name=v_taxref_search&wsName=dev_sinp" took 28ms
24 Sep 06:16:29 INFO   [geoserver.filters] - 172.30.0.1 "GET /geoserver/web/wicket/bookmarkable/org.geoserver.web.data.resource.ResourceConfigurationPage?112&name=v_taxref_search&wsName=dev_sinp" "Mozilla/5.0 (X11; Linux x86_64; rv:156.0) Gecko/20100101 Firefox/156.0" "http://localhost:8080/geoserver/web/wicket/bookmarkable/org.geoserver.web.data.layer.LayerPage?107" "" 
24 Sep 06:16:29 INFO   [geoserver.filters] - 172.30.0.1 "GET /geoserver/web/wicket/bookmarkable/org.geoserver.web.data.resource.ResourceConfigurationPage?112&name=v_taxref_search&wsName=dev_sinp" took 2ms
24 Sep 06:16:40 INFO   [geoserver.filters] - 0:0:0:0:0:0:0:1 "GET /geoserver/web/wicket/resource/org.geoserver.web.GeoServerBasePage/img/logo.png" "curl/8.5.0" "" "" 
24 Sep 06:16:40 INFO   [geoserver.filters] - 0:0:0:0:0:0:0:1 "GET /geoserver/web/wicket/resource/org.geoserver.web.GeoServerBasePage/img/logo.png" took 6ms
24 Sep 06:17:40 INFO   [geoserver.filters] - 0:0:0:0:0:0:0:1 "GET /geoserver/web/wicket/resource/org.geoserver.web.GeoServerBasePage/img/logo.png" "curl/8.5.0" "" "" 
24 Sep 06:17:40 INFO   [geoserver.filters] - 0:0:0:0:0:0:0:1 "GET /geoserver/web/wicket/resource/org.geoserver.web.GeoServerBasePage/img/logo.png" took 6ms
24 Sep 06:18:40 INFO   [geoserver.filters] - 0:0:0:0:0:0:0:1 "GET /geoserver/web/wicket/resource/org.geoserver.web.GeoServerBasePage/img/logo.png" "curl/8.5.0" "" "" 
24 Sep 06:18:40 INFO   [geoserver.filters] - 0:0:0:0:0:0:0:1 "GET /geoserver/web/wicket/resource/org.geoserver.web.GeoServerBasePage/img/logo.png" took 7ms
24 Sep 06:18:55 INFO   [geoserver.filters] - 172.30.0.1 "POST /geoserver/dev_sinp/wfs" "Mozilla/5.0 (X11; Linux x86_64) AppleWebKit/537.36 (KHTML, like Gecko) Chrome/153.0.0.0 Safari/537.36" "http://localhost:5051/" "application/x-www-form-urlencoded"  request-size: 294 body:  bytes (binary content)

24 Sep 06:18:55 INFO   [geoserver.filters] - 172.30.0.1 "POST /geoserver/dev_sinp/wfs" "Mozilla/5.0 (X11; Linux x86_64) AppleWebKit/537.36 (KHTML, like Gecko) Chrome/153.0.0.0 Safari/537.36" "http://localhost:5051/" "application/x-www-form-urlencoded"  request-size: 295 body:  bytes (binary content)

24 Sep 06:18:55 INFO   [geoserver.wfs] - 
Request: getServiceInfo
24 Sep 06:18:55 INFO   [geoserver.wfs] - 
Request: getServiceInfo
24 Sep 06:18:55 DEBUG  [geotools.jdbc] - CREATE CONNECTION
24 Sep 06:18:55 DEBUG  [geotools.jdbc] - CREATE CONNECTION
24 Sep 06:18:55 DEBUG  [geotools.jdbc] - CLOSE CONNECTION
24 Sep 06:18:55 ERROR  [geoserver.ows] - 
java.lang.ClassCastException: class java.lang.Integer cannot be cast to class java.lang.String (java.lang.Integer and java.lang.String are in module java.base of loader 'bootstrap')
	at org.geotools.jdbc.VirtualTable.expandParameters(VirtualTable.java:196)
	at org.geotools.jdbc.JDBCDataStore.encodeAliasedTableName(JDBCDataStore.java:4588)
	at org.geotools.jdbc.JDBCDataStore.encodeTableName(JDBCDataStore.java:4577)
	at org.geotools.jdbc.JDBCDataStore.doSelectAggregateSQL(JDBCDataStore.java:3981)
	at org.geotools.jdbc.JDBCDataStore.selectAggregateSQL(JDBCDataStore.java:3871)
	at org.geotools.jdbc.JDBCDataStore.getAggregateValue(JDBCDataStore.java:1420)
	at org.geotools.jdbc.JDBCDataStore.getCount(JDBCDataStore.java:1340)
	at org.geotools.jdbc.JDBCFeatureSource.getCountInternal(JDBCFeatureSource.java:479)
	at org.geotools.data.store.ContentFeatureSource.getCount(ContentFeatureSource.java:482)
	at org.geotools.data.store.ContentFeatureCollection.size(ContentFeatureCollection.java:218)
	at org.geotools.feature.collection.DecoratingFeatureCollection.size(DecoratingFeatureCollection.java:112)
	at org.geoserver.wfs.GetFeature.run(GetFeature.java:520)
	at org.geoserver.wfs.DefaultWebFeatureService20.getFeature(DefaultWebFeatureService20.java:106)
	at java.base/jdk.internal.reflect.NativeMethodAccessorImpl.invoke0(Native Method)
	at java.base/jdk.internal.reflect.NativeMethodAccessorImpl.invoke(NativeMethodAccessorImpl.java:77)
	at java.base/jdk.internal.reflect.DelegatingMethodAccessorImpl.invoke(DelegatingMethodAccessorImpl.java:43)
	at java.base/java.lang.reflect.Method.invoke(Method.java:569)
	at org.springframework.aop.support.AopUtils.invokeJoinpointUsingReflection(AopUtils.java:344)
	at org.springframework.aop.framework.ReflectiveMethodInvocation.invokeJoinpoint(ReflectiveMethodInvocation.java:198)
	at org.springframework.aop.framework.ReflectiveMethodInvocation.proceed(ReflectiveMethodInvocation.java:163)
	at org.geoserver.ows.util.RequestObjectLogger.invoke(RequestObjectLogger.java:51)
	at org.springframework.aop.framework.ReflectiveMethodInvocation.proceed(ReflectiveMethodInvocation.java:186)
	at org.springframework.aop.framework.JdkDynamicAopProxy.invoke(JdkDynamicAopProxy.java:241)
	at jdk.proxy3/jdk.proxy3.$Proxy119.getFeature(Unknown Source)
	at java.base/jdk.internal.reflect.NativeMethodAccessorImpl.invoke0(Native Method)
	at java.base/jdk.internal.reflect.NativeMethodAccessorImpl.invoke(NativeMethodAccessorImpl.java:77)
	at java.base/jdk.internal.reflect.DelegatingMethodAccessorImpl.invoke(DelegatingMethodAccessorImpl.java:43)
	at java.base/java.lang.reflect.Method.invoke(Method.java:569)
	at org.geoserver.ows.Dispatcher.execute(Dispatcher.java:950)
	at org.geoserver.ows.Dispatcher.handleRequestInternal(Dispatcher.java:271)
	at org.springframework.web.servlet.mvc.AbstractController.handleRequest(AbstractController.java:177)
	at org.springframework.web.servlet.mvc.SimpleControllerHandlerAdapter.handle(SimpleControllerHandlerAdapter.java:51)
	at org.springframework.web.servlet.DispatcherServlet.doDispatch(DispatcherServlet.java:1072)
	at org.springframework.web.servlet.DispatcherServlet.doService(DispatcherServlet.java:965)
	at org.springframework.web.servlet.FrameworkServlet.processRequest(FrameworkServlet.java:1006)
	at org.springframework.web.servlet.FrameworkServlet.doPost(FrameworkServlet.java:909)
	at javax.servlet.http.HttpServlet.service(HttpServlet.java:555)
	at org.springframework.web.servlet.FrameworkServlet.service(FrameworkServlet.java:883)
	at javax.servlet.http.HttpServlet.service(HttpServlet.java:623)
	at org.apache.catalina.core.ApplicationFilterChain.internalDoFilter(ApplicationFilterChain.java:199)
	at org.apache.catalina.core.ApplicationFilterChain.doFilter(ApplicationFilterChain.java:144)
	at org.apache.tomcat.websocket.server.WsFilter.doFilter(WsFilter.java:51)
	at org.apache.catalina.core.ApplicationFilterChain.internalDoFilter(ApplicationFilterChain.java:168)
	at org.apache.catalina.core.ApplicationFilterChain.doFilter(ApplicationFilterChain.java:144)
	at org.geoserver.filters.ThreadLocalsCleanupFilter.doFilter(ThreadLocalsCleanupFilter.java:28)
	at org.apache.catalina.core.ApplicationFilterChain.internalDoFilter(ApplicationFilterChain.java:168)
	at org.apache.catalina.core.ApplicationFilterChain.doFilter(ApplicationFilterChain.java:144)
	at org.geoserver.filters.SpringDelegatingFilter$Chain.doFilter(SpringDelegatingFilter.java:70)
	at org.geoserver.ows.HTTPHeadersCollector.doFilter(HTTPHeadersCollector.java:48)
	at org.geoserver.filters.SpringDelegatingFilter$Chain.doFilter(SpringDelegatingFilter.java:67)
	at org.geoserver.filters.HTTPMethodFilter.doFilter(HTTPMethodFilter.java:34)
	at org.geoserver.filters.SpringDelegatingFilter$Chain.doFilter(SpringDelegatingFilter.java:67)
	at org.geoserver.filters.LoggingFilter.doFilter(LoggingFilter.java:176)
	at org.geoserver.filters.SpringDelegatingFilter$Chain.doFilter(SpringDelegatingFilter.java:67)
	at org.geoserver.filters.SpringDelegatingFilter.doFilter(SpringDelegatingFilter.java:41)
	at org.apache.catalina.core.ApplicationFilterChain.internalDoFilter(ApplicationFilterChain.java:168)
	at org.apache.catalina.core.ApplicationFilterChain.doFilter(ApplicationFilterChain.java:144)
	at org.geoserver.platform.AdvancedDispatchFilter.doFilter(AdvancedDispatchFilter.java:39)
	at org.apache.catalina.core.ApplicationFilterChain.internalDoFilter(ApplicationFilterChain.java:168)
	at org.apache.catalina.core.ApplicationFilterChain.doFilter(ApplicationFilterChain.java:144)
	at org.springframework.security.web.FilterChainProxy$VirtualFilterChain.doFilter(FilterChainProxy.java:352)
	at org.geoserver.security.filter.GeoServerCompositeFilter$NestedFilterChain.doFilter(GeoServerCompositeFilter.java:67)
	at org.springframework.security.web.access.intercept.AuthorizationFilter.doFilter(AuthorizationFilter.java:100)
	at org.geoserver.security.filter.GeoServerCompositeFilter$NestedFilterChain.doFilter(GeoServerCompositeFilter.java:71)
	at org.geoserver.security.filter.GeoServerCompositeFilter.doFilter(GeoServerCompositeFilter.java:88)
	at org.springframework.security.web.FilterChainProxy$VirtualFilterChain.doFilter(FilterChainProxy.java:361)
	at org.geoserver.security.filter.GeoServerCompositeFilter$NestedFilterChain.doFilter(GeoServerCompositeFilter.java:67)
	at org.springframework.security.web.access.ExceptionTranslationFilter.doFilter(ExceptionTranslationFilter.java:126)
	at org.springframework.security.web.access.ExceptionTranslationFilter.doFilter(ExceptionTranslationFilter.java:120)
	at org.geoserver.security.filter.GeoServerCompositeFilter$NestedFilterChain.doFilter(GeoServerCompositeFilter.java:71)
	at org.geoserver.security.filter.GeoServerCompositeFilter.doFilter(GeoServerCompositeFilter.java:88)
	at org.springframework.security.web.FilterChainProxy$VirtualFilterChain.doFilter(FilterChainProxy.java:361)
	at org.geoserver.security.filter.GeoServerAnonymousAuthenticationFilter.doFilter(GeoServerAnonymousAuthenticationFilter.java:52)
	at org.springframework.security.web.FilterChainProxy$VirtualFilterChain.doFilter(FilterChainProxy.java:361)
	at org.geoserver.security.filter.GeoServerCompositeFilter$NestedFilterChain.doFilter(GeoServerCompositeFilter.java:67)
	at org.springframework.security.web.authentication.www.BasicAuthenticationFilter.doFilterInternal(BasicAuthenticationFilter.java:168)
	at org.springframework.web.filter.OncePerRequestFilter.doFilter(OncePerRequestFilter.java:117)
	at org.geoserver.security.filter.GeoServerCompositeFilter$NestedFilterChain.doFilter(GeoServerCompositeFilter.java:71)
	at org.geoserver.security.filter.GeoServerCompositeFilter.doFilter(GeoServerCompositeFilter.java:88)
	at org.geoserver.security.filter.GeoServerBasicAuthenticationFilter.doFilter(GeoServerBasicAuthenticationFilter.java:80)
	at org.springframework.security.web.FilterChainProxy$VirtualFilterChain.doFilter(FilterChainProxy.java:361)
	at org.geoserver.security.filter.GeoServerCompositeFilter$NestedFilterChain.doFilter(GeoServerCompositeFilter.java:67)
	at org.geoserver.security.filter.GeoServerSecurityContextPersistenceFilter$1.doFilterInternal(GeoServerSecurityContextPersistenceFilter.java:66)
	at org.springframework.web.filter.OncePerRequestFilter.doFilter(OncePerRequestFilter.java:117)
	at org.geoserver.security.filter.GeoServerCompositeFilter$NestedFilterChain.doFilter(GeoServerCompositeFilter.java:71)
	at org.geoserver.security.filter.GeoServerCompositeFilter.doFilter(GeoServerCompositeFilter.java:88)
	at org.springframework.security.web.FilterChainProxy$VirtualFilterChain.doFilter(FilterChainProxy.java:361)
	at org.springframework.security.web.FilterChainProxy.doFilterInternal(FilterChainProxy.java:225)
	at org.springframework.security.web.FilterChainProxy.doFilter(FilterChainProxy.java:190)
	at org.geoserver.security.GeoServerSecurityFilterChainProxy.doFilter(GeoServerSecurityFilterChainProxy.java:139)
	at org.springframework.web.filter.DelegatingFilterProxy.invokeDelegate(DelegatingFilterProxy.java:354)
	at org.springframework.web.filter.DelegatingFilterProxy.doFilter(DelegatingFilterProxy.java:267)
	at org.apache.catalina.core.ApplicationFilterChain.internalDoFilter(ApplicationFilterChain.java:168)
	at org.apache.catalina.core.ApplicationFilterChain.doFilter(ApplicationFilterChain.java:144)
	at org.geoserver.filters.SecurityHeadersFilter.doFilter(SecurityHeadersFilter.java:116)
	at org.apache.catalina.core.ApplicationFilterChain.internalDoFilter(ApplicationFilterChain.java:168)
	at org.apache.catalina.core.ApplicationFilterChain.doFilter(ApplicationFilterChain.java:144)
	at org.geoserver.filters.GZIPFilter.doFilter(GZIPFilter.java:46)
	at org.apache.catalina.core.ApplicationFilterChain.internalDoFilter(ApplicationFilterChain.java:168)
	at org.apache.catalina.core.ApplicationFilterChain.doFilter(ApplicationFilterChain.java:144)
	at org.geoserver.filters.SessionDebugFilter.doFilter(SessionDebugFilter.java:47)
	at org.apache.catalina.core.ApplicationFilterChain.internalDoFilter(ApplicationFilterChain.java:168)
	at org.apache.catalina.core.ApplicationFilterChain.doFilter(ApplicationFilterChain.java:144)
	at org.geoserver.filters.FlushSafeFilter.doFilter(FlushSafeFilter.java:41)
	at org.apache.catalina.core.ApplicationFilterChain.internalDoFilter(ApplicationFilterChain.java:168)
	at org.apache.catalina.core.ApplicationFilterChain.doFilter(ApplicationFilterChain.java:144)
	at org.apache.catalina.filters.CorsFilter.handleSimpleCORS(CorsFilter.java:240)
	at org.apache.catalina.filters.CorsFilter.doFilter(CorsFilter.java:152)
	at org.apache.catalina.core.ApplicationFilterChain.internalDoFilter(ApplicationFilterChain.java:168)
	at org.apache.catalina.core.ApplicationFilterChain.doFilter(ApplicationFilterChain.java:144)
	at org.springframework.web.filter.CharacterEncodingFilter.doFilterInternal(CharacterEncodingFilter.java:201)
	at org.springframework.web.filter.OncePerRequestFilter.doFilter(OncePerRequestFilter.java:117)
	at org.apache.catalina.core.ApplicationFilterChain.internalDoFilter(ApplicationFilterChain.java:168)
	at org.apache.catalina.core.ApplicationFilterChain.doFilter(ApplicationFilterChain.java:144)
	at org.apache.catalina.core.StandardWrapperValve.invoke(StandardWrapperValve.java:168)
	at org.apache.catalina.core.StandardContextValve.invoke(StandardContextValve.java:90)
	at org.apache.catalina.authenticator.AuthenticatorBase.invoke(AuthenticatorBase.java:482)
	at org.apache.catalina.core.StandardHostValve.invoke(StandardHostValve.java:130)
	at org.apache.catalina.valves.ErrorReportValve.invoke(ErrorReportValve.java:93)
	at org.apache.catalina.valves.AbstractAccessLogValve.invoke(AbstractAccessLogValve.java:656)
	at org.apache.catalina.core.StandardEngineValve.invoke(StandardEngineValve.java:74)
	at org.apache.catalina.connector.CoyoteAdapter.service(CoyoteAdapter.java:346)
	at org.apache.coyote.http11.Http11Processor.service(Http11Processor.java:397)
	at org.apache.coyote.AbstractProcessorLight.process(AbstractProcessorLight.java:63)
	at org.apache.coyote.AbstractProtocol$ConnectionHandler.process(AbstractProtocol.java:935)
	at org.apache.tomcat.util.net.NioEndpoint$SocketProcessor.doRun(NioEndpoint.java:1833)
	at org.apache.tomcat.util.net.SocketProcessorBase.run(SocketProcessorBase.java:52)
	at org.apache.tomcat.util.threads.ThreadPoolExecutor.runWorker(ThreadPoolExecutor.java:975)
	at org.apache.tomcat.util.threads.ThreadPoolExecutor$Worker.run(ThreadPoolExecutor.java:493)
	at org.apache.tomcat.util.threads.TaskThread$WrappingRunnable.run(TaskThread.java:63)
	at java.base/java.lang.Thread.run(Thread.java:840)
24 Sep 06:18:55 DEBUG  [geotools.jdbc] - CLOSE CONNECTION
24 Sep 06:18:55 ERROR  [geoserver.ows] - 
java.lang.ClassCastException: class java.lang.Integer cannot be cast to class java.lang.String (java.lang.Integer and java.lang.String are in module java.base of loader 'bootstrap')
	at org.geotools.jdbc.VirtualTable.expandParameters(VirtualTable.java:196)
	at org.geotools.jdbc.JDBCDataStore.encodeAliasedTableName(JDBCDataStore.java:4588)
	at org.geotools.jdbc.JDBCDataStore.encodeTableName(JDBCDataStore.java:4577)
	at org.geotools.jdbc.JDBCDataStore.doSelectAggregateSQL(JDBCDataStore.java:3981)
	at org.geotools.jdbc.JDBCDataStore.selectAggregateSQL(JDBCDataStore.java:3871)
	at org.geotools.jdbc.JDBCDataStore.getAggregateValue(JDBCDataStore.java:1420)
	at org.geotools.jdbc.JDBCDataStore.getCount(JDBCDataStore.java:1340)
	at org.geotools.jdbc.JDBCFeatureSource.getCountInternal(JDBCFeatureSource.java:479)
	at org.geotools.data.store.ContentFeatureSource.getCount(ContentFeatureSource.java:482)
	at org.geotools.data.store.ContentFeatureCollection.size(ContentFeatureCollection.java:218)
	at org.geotools.feature.collection.DecoratingFeatureCollection.size(DecoratingFeatureCollection.java:112)
	at org.geoserver.wfs.GetFeature.run(GetFeature.java:520)
	at org.geoserver.wfs.DefaultWebFeatureService20.getFeature(DefaultWebFeatureService20.java:106)
	at java.base/jdk.internal.reflect.NativeMethodAccessorImpl.invoke0(Native Method)
	at java.base/jdk.internal.reflect.NativeMethodAccessorImpl.invoke(NativeMethodAccessorImpl.java:77)
	at java.base/jdk.internal.reflect.DelegatingMethodAccessorImpl.invoke(DelegatingMethodAccessorImpl.java:43)
	at java.base/java.lang.reflect.Method.invoke(Method.java:569)
	at org.springframework.aop.support.AopUtils.invokeJoinpointUsingReflection(AopUtils.java:344)
	at org.springframework.aop.framework.ReflectiveMethodInvocation.invokeJoinpoint(ReflectiveMethodInvocation.java:198)
	at org.springframework.aop.framework.ReflectiveMethodInvocation.proceed(ReflectiveMethodInvocation.java:163)
	at org.geoserver.ows.util.RequestObjectLogger.invoke(RequestObjectLogger.java:51)
	at org.springframework.aop.framework.ReflectiveMethodInvocation.proceed(ReflectiveMethodInvocation.java:186)
	at org.springframework.aop.framework.JdkDynamicAopProxy.invoke(JdkDynamicAopProxy.java:241)
	at jdk.proxy3/jdk.proxy3.$Proxy119.getFeature(Unknown Source)
	at java.base/jdk.internal.reflect.NativeMethodAccessorImpl.invoke0(Native Method)
	at java.base/jdk.internal.reflect.NativeMethodAccessorImpl.invoke(NativeMethodAccessorImpl.java:77)
	at java.base/jdk.internal.reflect.DelegatingMethodAccessorImpl.invoke(DelegatingMethodAccessorImpl.java:43)
	at java.base/java.lang.reflect.Method.invoke(Method.java:569)
	at org.geoserver.ows.Dispatcher.execute(Dispatcher.java:950)
	at org.geoserver.ows.Dispatcher.handleRequestInternal(Dispatcher.java:271)
	at org.springframework.web.servlet.mvc.AbstractController.handleRequest(AbstractController.java:177)
	at org.springframework.web.servlet.mvc.SimpleControllerHandlerAdapter.handle(SimpleControllerHandlerAdapter.java:51)
	at org.springframework.web.servlet.DispatcherServlet.doDispatch(DispatcherServlet.java:1072)
	at org.springframework.web.servlet.DispatcherServlet.doService(DispatcherServlet.java:965)
	at org.springframework.web.servlet.FrameworkServlet.processRequest(FrameworkServlet.java:1006)
	at org.springframework.web.servlet.FrameworkServlet.doPost(FrameworkServlet.java:909)
	at javax.servlet.http.HttpServlet.service(HttpServlet.java:555)
	at org.springframework.web.servlet.FrameworkServlet.service(FrameworkServlet.java:883)
	at javax.servlet.http.HttpServlet.service(HttpServlet.java:623)
	at org.apache.catalina.core.ApplicationFilterChain.internalDoFilter(ApplicationFilterChain.java:199)
	at org.apache.catalina.core.ApplicationFilterChain.doFilter(ApplicationFilterChain.java:144)
	at org.apache.tomcat.websocket.server.WsFilter.doFilter(WsFilter.java:51)
	at org.apache.catalina.core.ApplicationFilterChain.internalDoFilter(ApplicationFilterChain.java:168)
	at org.apache.catalina.core.ApplicationFilterChain.doFilter(ApplicationFilterChain.java:144)
	at org.geoserver.filters.ThreadLocalsCleanupFilter.doFilter(ThreadLocalsCleanupFilter.java:28)
	at org.apache.catalina.core.ApplicationFilterChain.internalDoFilter(ApplicationFilterChain.java:168)
	at org.apache.catalina.core.ApplicationFilterChain.doFilter(ApplicationFilterChain.java:144)
	at org.geoserver.filters.SpringDelegatingFilter$Chain.doFilter(SpringDelegatingFilter.java:70)
	at org.geoserver.ows.HTTPHeadersCollector.doFilter(HTTPHeadersCollector.java:48)
	at org.geoserver.filters.SpringDelegatingFilter$Chain.doFilter(SpringDelegatingFilter.java:67)
	at org.geoserver.filters.HTTPMethodFilter.doFilter(HTTPMethodFilter.java:34)
	at org.geoserver.filters.SpringDelegatingFilter$Chain.doFilter(SpringDelegatingFilter.java:67)
	at org.geoserver.filters.LoggingFilter.doFilter(LoggingFilter.java:176)
	at org.geoserver.filters.SpringDelegatingFilter$Chain.doFilter(SpringDelegatingFilter.java:67)
	at org.geoserver.filters.SpringDelegatingFilter.doFilter(SpringDelegatingFilter.java:41)
	at org.apache.catalina.core.ApplicationFilterChain.internalDoFilter(ApplicationFilterChain.java:168)
	at org.apache.catalina.core.ApplicationFilterChain.doFilter(ApplicationFilterChain.java:144)
	at org.geoserver.platform.AdvancedDispatchFilter.doFilter(AdvancedDispatchFilter.java:39)
	at org.apache.catalina.core.ApplicationFilterChain.internalDoFilter(ApplicationFilterChain.java:168)
	at org.apache.catalina.core.ApplicationFilterChain.doFilter(ApplicationFilterChain.java:144)
	at org.springframework.security.web.FilterChainProxy$VirtualFilterChain.doFilter(FilterChainProxy.java:352)
	at org.geoserver.security.filter.GeoServerCompositeFilter$NestedFilterChain.doFilter(GeoServerCompositeFilter.java:67)
	at org.springframework.security.web.access.intercept.AuthorizationFilter.doFilter(AuthorizationFilter.java:100)
	at org.geoserver.security.filter.GeoServerCompositeFilter$NestedFilterChain.doFilter(GeoServerCompositeFilter.java:71)
	at org.geoserver.security.filter.GeoServerCompositeFilter.doFilter(GeoServerCompositeFilter.java:88)
	at org.springframework.security.web.FilterChainProxy$VirtualFilterChain.doFilter(FilterChainProxy.java:361)
	at org.geoserver.security.filter.GeoServerCompositeFilter$NestedFilterChain.doFilter(GeoServerCompositeFilter.java:67)
	at org.springframework.security.web.access.ExceptionTranslationFilter.doFilter(ExceptionTranslationFilter.java:126)
	at org.springframework.security.web.access.ExceptionTranslationFilter.doFilter(ExceptionTranslationFilter.java:120)
	at org.geoserver.security.filter.GeoServerCompositeFilter$NestedFilterChain.doFilter(GeoServerCompositeFilter.java:71)
	at org.geoserver.security.filter.GeoServerCompositeFilter.doFilter(GeoServerCompositeFilter.java:88)
	at org.springframework.security.web.FilterChainProxy$VirtualFilterChain.doFilter(FilterChainProxy.java:361)
	at org.geoserver.security.filter.GeoServerAnonymousAuthenticationFilter.doFilter(GeoServerAnonymousAuthenticationFilter.java:52)
	at org.springframework.security.web.FilterChainProxy$VirtualFilterChain.doFilter(FilterChainProxy.java:361)
	at org.geoserver.security.filter.GeoServerCompositeFilter$NestedFilterChain.doFilter(GeoServerCompositeFilter.java:67)
	at org.springframework.security.web.authentication.www.BasicAuthenticationFilter.doFilterInternal(BasicAuthenticationFilter.java:168)
	at org.springframework.web.filter.OncePerRequestFilter.doFilter(OncePerRequestFilter.java:117)
	at org.geoserver.security.filter.GeoServerCompositeFilter$NestedFilterChain.doFilter(GeoServerCompositeFilter.java:71)
	at org.geoserver.security.filter.GeoServerCompositeFilter.doFilter(GeoServerCompositeFilter.java:88)
	at org.geoserver.security.filter.GeoServerBasicAuthenticationFilter.doFilter(GeoServerBasicAuthenticationFilter.java:80)
	at org.springframework.security.web.FilterChainProxy$VirtualFilterChain.doFilter(FilterChainProxy.java:361)
	at org.geoserver.security.filter.GeoServerCompositeFilter$NestedFilterChain.doFilter(GeoServerCompositeFilter.java:67)
	at org.geoserver.security.filter.GeoServerSecurityContextPersistenceFilter$1.doFilterInternal(GeoServerSecurityContextPersistenceFilter.java:66)
	at org.springframework.web.filter.OncePerRequestFilter.doFilter(OncePerRequestFilter.java:117)
	at org.geoserver.security.filter.GeoServerCompositeFilter$NestedFilterChain.doFilter(GeoServerCompositeFilter.java:71)
	at org.geoserver.security.filter.GeoServerCompositeFilter.doFilter(GeoServerCompositeFilter.java:88)
	at org.springframework.security.web.FilterChainProxy$VirtualFilterChain.doFilter(FilterChainProxy.java:361)
	at org.springframework.security.web.FilterChainProxy.doFilterInternal(FilterChainProxy.java:225)
	at org.springframework.security.web.FilterChainProxy.doFilter(FilterChainProxy.java:190)
	at org.geoserver.security.GeoServerSecurityFilterChainProxy.doFilter(GeoServerSecurityFilterChainProxy.java:139)
	at org.springframework.web.filter.DelegatingFilterProxy.invokeDelegate(DelegatingFilterProxy.java:354)
	at org.springframework.web.filter.DelegatingFilterProxy.doFilter(DelegatingFilterProxy.java:267)
	at org.apache.catalina.core.ApplicationFilterChain.internalDoFilter(ApplicationFilterChain.java:168)
	at org.apache.catalina.core.ApplicationFilterChain.doFilter(ApplicationFilterChain.java:144)
	at org.geoserver.filters.SecurityHeadersFilter.doFilter(SecurityHeadersFilter.java:116)
	at org.apache.catalina.core.ApplicationFilterChain.internalDoFilter(ApplicationFilterChain.java:168)
	at org.apache.catalina.core.ApplicationFilterChain.doFilter(ApplicationFilterChain.java:144)
	at org.geoserver.filters.GZIPFilter.doFilter(GZIPFilter.java:46)
	at org.apache.catalina.core.ApplicationFilterChain.internalDoFilter(ApplicationFilterChain.java:168)
	at org.apache.catalina.core.ApplicationFilterChain.doFilter(ApplicationFilterChain.java:144)
	at org.geoserver.filters.SessionDebugFilter.doFilter(SessionDebugFilter.java:47)
	at org.apache.catalina.core.ApplicationFilterChain.internalDoFilter(ApplicationFilterChain.java:168)
	at org.apache.catalina.core.ApplicationFilterChain.doFilter(ApplicationFilterChain.java:144)
	at org.geoserver.filters.FlushSafeFilter.doFilter(FlushSafeFilter.java:41)
	at org.apache.catalina.core.ApplicationFilterChain.internalDoFilter(ApplicationFilterChain.java:168)
	at org.apache.catalina.core.ApplicationFilterChain.doFilter(ApplicationFilterChain.java:144)
	at org.apache.catalina.filters.CorsFilter.handleSimpleCORS(CorsFilter.java:240)
	at org.apache.catalina.filters.CorsFilter.doFilter(CorsFilter.java:152)
	at org.apache.catalina.core.ApplicationFilterChain.internalDoFilter(ApplicationFilterChain.java:168)
	at org.apache.catalina.core.ApplicationFilterChain.doFilter(ApplicationFilterChain.java:144)
	at org.springframework.web.filter.CharacterEncodingFilter.doFilterInternal(CharacterEncodingFilter.java:201)
	at org.springframework.web.filter.OncePerRequestFilter.doFilter(OncePerRequestFilter.java:117)
	at org.apache.catalina.core.ApplicationFilterChain.internalDoFilter(ApplicationFilterChain.java:168)
	at org.apache.catalina.core.ApplicationFilterChain.doFilter(ApplicationFilterChain.java:144)
	at org.apache.catalina.core.StandardWrapperValve.invoke(StandardWrapperValve.java:168)
	at org.apache.catalina.core.StandardContextValve.invoke(StandardContextValve.java:90)
	at org.apache.catalina.authenticator.AuthenticatorBase.invoke(AuthenticatorBase.java:482)
	at org.apache.catalina.core.StandardHostValve.invoke(StandardHostValve.java:130)
	at org.apache.catalina.valves.ErrorReportValve.invoke(ErrorReportValve.java:93)
	at org.apache.catalina.valves.AbstractAccessLogValve.invoke(AbstractAccessLogValve.java:656)
	at org.apache.catalina.core.StandardEngineValve.invoke(StandardEngineValve.java:74)
	at org.apache.catalina.connector.CoyoteAdapter.service(CoyoteAdapter.java:346)
	at org.apache.coyote.http11.Http11Processor.service(Http11Processor.java:397)
	at org.apache.coyote.AbstractProcessorLight.process(AbstractProcessorLight.java:63)
	at org.apache.coyote.AbstractProtocol$ConnectionHandler.process(AbstractProtocol.java:935)
	at org.apache.tomcat.util.net.NioEndpoint$SocketProcessor.doRun(NioEndpoint.java:1833)
	at org.apache.tomcat.util.net.SocketProcessorBase.run(SocketProcessorBase.java:52)
	at org.apache.tomcat.util.threads.ThreadPoolExecutor.runWorker(ThreadPoolExecutor.java:975)
	at org.apache.tomcat.util.threads.ThreadPoolExecutor$Worker.run(ThreadPoolExecutor.java:493)
	at org.apache.tomcat.util.threads.TaskThread$WrappingRunnable.run(TaskThread.java:63)
	at java.base/java.lang.Thread.run(Thread.java:840)
24 Sep 06:18:55 INFO   [geoserver.filters] - 172.30.0.1 "POST /geoserver/dev_sinp/wfs" took 26ms
24 Sep 06:18:55 INFO   [geoserver.filters] - 172.30.0.1 "POST /geoserver/dev_sinp/wfs" took 27ms
24 Sep 06:19:26 INFO   [geoserver.filters] - 172.30.0.1 "GET /geoserver/web/wicket/bookmarkable/org.geoserver.web.admin.LogPage?filter=false&filter=false" "Mozilla/5.0 (X11; Linux x86_64; rv:156.0) Gecko/20100101 Firefox/156.0" "http://localhost:8080/geoserver/web/wicket/bookmarkable/org.geoserver.web.data.resource.ResourceConfigurationPage?112&name=v_taxref_search&wsName=dev_sinp" "" 
24 Sep 06:19:26 INFO   [geoserver.filters] - 172.30.0.1 "GET /geoserver/web/wicket/bookmarkable/org.geoserver.web.admin.LogPage?filter=false&filter=false" took 34ms
24 Sep 06:19:26 INFO   [geoserver.filters] - 172.30.0.1 "GET /geoserver/web/wicket/bookmarkable/org.geoserver.web.admin.LogPage?113&filter=false&filter=false" "Mozilla/5.0 (X11; Linux x86_64; rv:156.0) Gecko/20100101 Firefox/156.0" "http://localhost:8080/geoserver/web/wicket/bookmarkable/org.geoserver.web.data.resource.ResourceConfigurationPage?112&name=v_taxref_search&wsName=dev_sinp" "" 
24 Sep 06:19:26 INFO   [geoserver.filters] - 172.30.0.1 "GET /geoserver/web/wicket/bookmarkable/org.geoserver.web.admin.LogPage?113&filter=false&filter=false" took 1ms
24 Sep 06:19:29 INFO   [geoserver.filters] - 172.30.0.1 "POST /geoserver/web/wicket/bookmarkable/org.geoserver.web.admin.LogPage?113-1.-form&filter=false&filter=false" "Mozilla/5.0 (X11; Linux x86_64; rv:156.0) Gecko/20100101 Firefox/156.0" "http://localhost:8080/geoserver/web/wicket/bookmarkable/org.geoserver.web.admin.LogPage?113&filter=false&filter=false" "application/x-www-form-urlencoded"  request-size: 20 body:  bytes (binary content)

24 Sep 06:19:29 INFO   [geoserver.filters] - 172.30.0.1 "POST /geoserver/web/wicket/bookmarkable/org.geoserver.web.admin.LogPage?113-1.-form&filter=false&filter=false" took 3ms
24 Sep 06:19:29 INFO   [geoserver.filters] - 172.30.0.1 "GET /geoserver/web/wicket/bookmarkable/org.geoserver.web.admin.LogPage?lines=1000" "Mozilla/5.0 (X11; Linux x86_64; rv:156.0) Gecko/20100101 Firefox/156.0" "http://localhost:8080/geoserver/web/wicket/bookmarkable/org.geoserver.web.admin.LogPage?113&filter=false&filter=false" "" 
24 Sep 06:19:29 INFO   [geoserver.filters] - 172.30.0.1 "GET /geoserver/web/wicket/bookmarkable/org.geoserver.web.admin.LogPage?lines=1000" took 19ms
24 Sep 06:19:29 INFO   [geoserver.filters] - 172.30.0.1 "GET /geoserver/web/wicket/bookmarkable/org.geoserver.web.admin.LogPage?114&lines=1000" "Mozilla/5.0 (X11; Linux x86_64; rv:156.0) Gecko/20100101 Firefox/156.0" "http://localhost:8080/geoserver/web/wicket/bookmarkable/org.geoserver.web.admin.LogPage?113&filter=false&filter=false" "" 
24 Sep 06:19:29 INFO   [geoserver.filters] - 172.30.0.1 "GET /geoserver/web/wicket/bookmarkable/org.geoserver.web.admin.LogPage?114&lines=1000" took 7ms
24 Sep 06:19:29 INFO   [geoserver.filters] - 172.30.0.1 "POST /geoserver/web/wicket/bookmarkable/org.geoserver.web.admin.LogPage?114-1.-form&lines=1000" "Mozilla/5.0 (X11; Linux x86_64; rv:156.0) Gecko/20100101 Firefox/156.0" "http://localhost:8080/geoserver/web/wicket/bookmarkable/org.geoserver.web.admin.LogPage?114&lines=1000" "application/x-www-form-urlencoded"  request-size: 20 body:  bytes (binary content)

24 Sep 06:19:29 INFO   [geoserver.filters] - 172.30.0.1 "POST /geoserver/web/wicket/bookmarkable/org.geoserver.web.admin.LogPage?114-1.-form&lines=1000" took 3ms
24 Sep 06:19:29 INFO   [geoserver.filters] - 172.30.0.1 "GET /geoserver/web/wicket/bookmarkable/org.geoserver.web.admin.LogPage?lines=1000" "Mozilla/5.0 (X11; Linux x86_64; rv:156.0) Gecko/20100101 Firefox/156.0" "http://localhost:8080/geoserver/web/wicket/bookmarkable/org.geoserver.web.admin.LogPage?114&lines=1000" "" 
